jeportie@minishell $> env | grep HOME 
HOME=/root
0
jeportie@minishell $> export a=ok b=c
0
jeportie@minishell $> env | grep a=ok b=c
grep: b=c: No such file or directory
2
jeportie@minishell $> export a= b=ok c=ok
0
jeportie@minishell $> env | grep a= b=ok c=ok
grep: b=ok: No such file or directory
grep: c=ok: No such file or directory
2
jeportie@minishell $> unset a b c
0
jeportie@minishell $> env 1 | grep HOME
env: '1': No such file or directory
1
jeportie@minishell $> env - | grep HOME
1
jeportie@minishell $> env -- | grep HOME
HOME=/root
0
jeportie@minishell $> env - - | grep HOME
env: '-': No such file or directory
1
